1786078962.057 10255 12897 12897 E com.vip.ping: Not starting debugger since process cannot load the jdwp agent.
1786078962.069 10255 12897 12897 E Zygisk-Loader: memfd injection failed: dlopen failed: library "liblsplant.so" not found: needed by /memfd:zygisk-payload (deleted) in namespace (default)
1786078962.070 10255 12897 12897 E Zygisk-Loader: inject_payload failed for: /data/user/0/com.vip.ping (len=25)
1786078962.082 10255 12897 12897 W com.vip.ping: Core platform API violation: Ljava/lang/reflect/Field;->accessFlags:I from Landroid/os/Build; using reflection
1786078962.165 10255 12897 12897 D NetworkSecurityConfig: No Network Security Config specified, using platform default
1786078962.165 10255 12897 12897 D NetworkSecurityConfig: No Network Security Config specified, using platform default
1786078962.333 10255 12897 12897 W com.vip.ping: type=1400 audit(0.0:2074): avc: granted { execute } for path="/data/data/com.vip.ping/files/.ss/l5e5d2631.so" dev="mmcblk0p53" ino=1045810 scontext=u:r:untrusted_app:s0:c255,c256,c512,c768 tcontext=u:object_r:app_data_file:s0:c255,c256,c512,c768 tclass=file app=com.vip.ping
1786078962.530 10255 12918 12918 E com.vip.ping: Not starting debugger since process cannot load the jdwp agent.
1786078962.534 10255 12918 12918 E Zygisk-Loader: memfd injection failed: dlopen failed: library "liblsplant.so" not found: needed by /memfd:zygisk-payload (deleted) in namespace (default)
1786078962.535 10255 12918 12918 E Zygisk-Loader: inject_payload failed for: /data/user/0/com.vip.ping (len=25)
1786078962.547 10255 12918 12918 W com.vip.ping: Core platform API violation: Ljava/lang/reflect/Field;->accessFlags:I from Landroid/os/Build; using reflection
1786078962.643 10255 12918 12918 D NetworkSecurityConfig: No Network Security Config specified, using platform default
1786078962.644 10255 12918 12918 D NetworkSecurityConfig: No Network Security Config specified, using platform default
1786078962.793 10255 12918 12918 W com.vip.ping: type=1400 audit(0.0:2075): avc: granted { execute } for path="/data/data/com.vip.ping/files/.ss/l5e5d2631.so" dev="mmcblk0p53" ino=1045810 scontext=u:r:untrusted_app:s0:c255,c256,c512,c768 tcontext=u:object_r:app_data_file:s0:c255,c256,c512,c768 tclass=file app=com.vip.ping
1786078962.920 10255 12938 12938 E com.vip.ping: Not starting debugger since process cannot load the jdwp agent.
1786078962.924 10255 12938 12938 E Zygisk-Loader: memfd injection failed: dlopen failed: library "liblsplant.so" not found: needed by /memfd:zygisk-payload (deleted) in namespace (default)
1786078962.924 10255 12938 12938 E Zygisk-Loader: inject_payload failed for: /data/user/0/com.vip.ping (len=25)
1786078962.932 10255 12938 12938 W com.vip.ping: Core platform API violation: Ljava/lang/reflect/Field;->accessFlags:I from Landroid/os/Build; using reflection
1786078962.994 10255 12938 12938 D NetworkSecurityConfig: No Network Security Config specified, using platform default
1786078962.995 10255 12938 12938 D NetworkSecurityConfig: No Network Security Config specified, using platform default
1786078963.133 10255 12938 12938 W com.vip.ping: type=1400 audit(0.0:2076): avc: granted { execute } for path="/data/data/com.vip.ping/files/.ss/l5e5d2631.so" dev="mmcblk0p53" ino=1045810 scontext=u:r:untrusted_app:s0:c255,c256,c512,c768 tcontext=u:object_r:app_data_file:s0:c255,c256,c512,c768 tclass=file app=com.vip.ping
1786078963.261 10255 12960 12960 E com.vip.ping: Not starting debugger since process cannot load the jdwp agent.
1786078963.265 10255 12960 12960 E Zygisk-Loader: memfd injection failed: dlopen failed: library "liblsplant.so" not found: needed by /memfd:zygisk-payload (deleted) in namespace (default)
1786078963.266 10255 12960 12960 E Zygisk-Loader: inject_payload failed for: /data/user/0/com.vip.ping (len=25)
1786078963.289 10255 12960 12960 W com.vip.ping: Core platform API violation: Ljava/lang/reflect/Field;->accessFlags:I from Landroid/os/Build; using reflection
1786078963.350 10255 12960 12960 D NetworkSecurityConfig: No Network Security Config specified, using platform default
1786078963.350 10255 12960 12960 D NetworkSecurityConfig: No Network Security Config specified, using platform default
1786078963.513 10255 12960 12960 W com.vip.ping: type=1400 audit(0.0:2077): avc: granted { execute } for path="/data/data/com.vip.ping/files/.ss/l5e5d2631.so" dev="mmcblk0p53" ino=1045810 scontext=u:r:untrusted_app:s0:c255,c256,c512,c768 tcontext=u:object_r:app_data_file:s0:c255,c256,c512,c768 tclass=file app=com.vip.ping
1786078963.648 10255 12981 12981 E com.vip.ping: Not starting debugger since process cannot load the jdwp agent.
1786078963.653 10255 12981 12981 E Zygisk-Loader: memfd injection failed: dlopen failed: library "liblsplant.so" not found: needed by /memfd:zygisk-payload (deleted) in namespace (default)
1786078963.654 10255 12981 12981 E Zygisk-Loader: inject_payload failed for: /data/user/0/com.vip.ping (len=25)
1786078963.666 10255 12981 12981 W com.vip.ping: Core platform API violation: Ljava/lang/reflect/Field;->accessFlags:I from Landroid/os/Build; using reflection
1786078963.734 10255 12981 12981 D NetworkSecurityConfig: No Network Security Config specified, using platform default
1786078963.734 10255 12981 12981 D NetworkSecurityConfig: No Network Security Config specified, using platform default
1786078963.893 10255 12981 12981 W com.vip.ping: type=1400 audit(0.0:2078): avc: granted { execute } for path="/data/data/com.vip.ping/files/.ss/l5e5d2631.so" dev="mmcblk0p53" ino=1045810 scontext=u:r:untrusted_app:s0:c255,c256,c512,c768 tcontext=u:object_r:app_data_file:s0:c255,c256,c512,c768 tclass=file app=com.vip.ping
1786078964.016 10255 13003 13003 E com.vip.ping: Not starting debugger since process cannot load the jdwp agent.
1786078964.021 10255 13003 13003 E Zygisk-Loader: memfd injection failed: dlopen failed: library "liblsplant.so" not found: needed by /memfd:zygisk-payload (deleted) in namespace (default)
1786078964.021 10255 13003 13003 E Zygisk-Loader: inject_payload failed for: /data/user/0/com.vip.ping (len=25)
1786078964.032 10255 13003 13003 W com.vip.ping: Core platform API violation: Ljava/lang/reflect/Field;->accessFlags:I from Landroid/os/Build; using reflection
1786078964.095 10255 13003 13003 D NetworkSecurityConfig: No Network Security Config specified, using platform default
1786078964.095 10255 13003 13003 D NetworkSecurityConfig: No Network Security Config specified, using platform default
1786078964.243 10255 13003 13003 W com.vip.ping: type=1400 audit(0.0:2079): avc: granted { execute } for path="/data/data/com.vip.ping/files/.ss/l5e5d2631.so" dev="mmcblk0p53" ino=1045810 scontext=u:r:untrusted_app:s0:c255,c256,c512,c768 tcontext=u:object_r:app_data_file:s0:c255,c256,c512,c768 tclass=file app=com.vip.ping
1786078964.380 10255 13024 13024 E com.vip.ping: Not starting debugger since process cannot load the jdwp agent.
1786078964.384 10255 13024 13024 E Zygisk-Loader: memfd injection failed: dlopen failed: library "liblsplant.so" not found: needed by /memfd:zygisk-payload (deleted) in namespace (default)
1786078964.385 10255 13024 13024 E Zygisk-Loader: inject_payload failed for: /data/user/0/com.vip.ping (len=25)
1786078964.396 10255 13024 13024 W com.vip.ping: Core platform API violation: Ljava/lang/reflect/Field;->accessFlags:I from Landroid/os/Build; using reflection
1786078964.453 10255 13024 13024 D NetworkSecurityConfig: No Network Security Config specified, using platform default
1786078964.453 10255 13024 13024 D NetworkSecurityConfig: No Network Security Config specified, using platform default
1786078964.593 10255 13024 13024 W com.vip.ping: type=1400 audit(0.0:2080): avc: granted { execute } for path="/data/data/com.vip.ping/files/.ss/l5e5d2631.so" dev="mmcblk0p53" ino=1045810 scontext=u:r:untrusted_app:s0:c255,c256,c512,c768 tcontext=u:object_r:app_data_file:s0:c255,c256,c512,c768 tclass=file app=com.vip.ping
1786078964.719 10255 13045 13045 E com.vip.ping: Not starting debugger since process cannot load the jdwp agent.
1786078964.724 10255 13045 13045 E Zygisk-Loader: memfd injection failed: dlopen failed: library "liblsplant.so" not found: needed by /memfd:zygisk-payload (deleted) in namespace (default)
1786078964.724 10255 13045 13045 E Zygisk-Loader: inject_payload failed for: /data/user/0/com.vip.ping (len=25)
1786078964.735 10255 13045 13045 W com.vip.ping: Core platform API violation: Ljava/lang/reflect/Field;->accessFlags:I from Landroid/os/Build; using reflection
1786078964.801 10255 13045 13045 D NetworkSecurityConfig: No Network Security Config specified, using platform default
1786078964.801 10255 13045 13045 D NetworkSecurityConfig: No Network Security Config specified, using platform default
1786078964.943 10255 13045 13045 W com.vip.ping: type=1400 audit(0.0:2081): avc: granted { execute } for path="/data/data/com.vip.ping/files/.ss/l5e5d2631.so" dev="mmcblk0p53" ino=1045810 scontext=u:r:untrusted_app:s0:c255,c256,c512,c768 tcontext=u:object_r:app_data_file:s0:c255,c256,c512,c768 tclass=file app=com.vip.ping
1786078965.064 10255 13067 13067 E com.vip.ping: Not starting debugger since process cannot load the jdwp agent.
1786078965.068 10255 13067 13067 E Zygisk-Loader: memfd injection failed: dlopen failed: library "liblsplant.so" not found: needed by /memfd:zygisk-payload (deleted) in namespace (default)
1786078965.069 10255 13067 13067 E Zygisk-Loader: inject_payload failed for: /data/user/0/com.vip.ping (len=25)
1786078965.079 10255 13067 13067 W com.vip.ping: Core platform API violation: Ljava/lang/reflect/Field;->accessFlags:I from Landroid/os/Build; using reflection
1786078965.145 10255 13067 13067 D NetworkSecurityConfig: No Network Security Config specified, using platform default
1786078965.145 10255 13067 13067 D NetworkSecurityConfig: No Network Security Config specified, using platform default
1786078965.293 10255 13067 13067 W com.vip.ping: type=1400 audit(0.0:2082): avc: granted { execute } for path="/data/data/com.vip.ping/files/.ss/l5e5d2631.so" dev="mmcblk0p53" ino=1045810 scontext=u:r:untrusted_app:s0:c255,c256,c512,c768 tcontext=u:object_r:app_data_file:s0:c255,c256,c512,c768 tclass=file app=com.vip.ping
1786078965.428 10255 13088 13088 E com.vip.ping: Not starting debugger since process cannot load the jdwp agent.
1786078965.433 10255 13088 13088 E Zygisk-Loader: memfd injection failed: dlopen failed: library "liblsplant.so" not found: needed by /memfd:zygisk-payload (deleted) in namespace (default)
1786078965.434 10255 13088 13088 E Zygisk-Loader: inject_payload failed for: /data/user/0/com.vip.ping (len=25)
1786078965.451 10255 13088 13088 W com.vip.ping: Core platform API violation: Ljava/lang/reflect/Field;->accessFlags:I from Landroid/os/Build; using reflection
1786078965.522 10255 13088 13088 D NetworkSecurityConfig: No Network Security Config specified, using platform default
1786078965.523 10255 13088 13088 D NetworkSecurityConfig: No Network Security Config specified, using platform default
1786078965.663 10255 13088 13088 W com.vip.ping: type=1400 audit(0.0:2085): avc: granted { execute } for path="/data/data/com.vip.ping/files/.ss/l5e5d2631.so" dev="mmcblk0p53" ino=1045810 scontext=u:r:untrusted_app:s0:c255,c256,c512,c768 tcontext=u:object_r:app_data_file:s0:c255,c256,c512,c768 tclass=file app=com.vip.ping
1786078965.789 10255 13110 13110 E com.vip.ping: Not starting debugger since process cannot load the jdwp agent.
1786078965.793 10255 13110 13110 E Zygisk-Loader: memfd injection failed: dlopen failed: library "liblsplant.so" not found: needed by /memfd:zygisk-payload (deleted) in namespace (default)
1786078965.793 10255 13110 13110 E Zygisk-Loader: inject_payload failed for: /data/user/0/com.vip.ping (len=25)
1786078965.803 10255 13110 13110 W com.vip.ping: Core platform API violation: Ljava/lang/reflect/Field;->accessFlags:I from Landroid/os/Build; using reflection
1786078965.861 10255 13110 13110 D NetworkSecurityConfig: No Network Security Config specified, using platform default
1786078965.861 10255 13110 13110 D NetworkSecurityConfig: No Network Security Config specified, using platform default
1786078966.003 10255 13110 13110 W com.vip.ping: type=1400 audit(0.0:2086): avc: granted { execute } for path="/data/data/com.vip.ping/files/.ss/l5e5d2631.so" dev="mmcblk0p53" ino=1045810 scontext=u:r:untrusted_app:s0:c255,c256,c512,c768 tcontext=u:object_r:app_data_file:s0:c255,c256,c512,c768 tclass=file app=com.vip.ping
1786078966.155 10255 13131 13131 E com.vip.ping: Not starting debugger since process cannot load the jdwp agent.
1786078966.160 10255 13131 13131 E Zygisk-Loader: memfd injection failed: dlopen failed: library "liblsplant.so" not found: needed by /memfd:zygisk-payload (deleted) in namespace (default)
1786078966.160 10255 13131 13131 E Zygisk-Loader: inject_payload failed for: /data/user/0/com.vip.ping (len=25)
1786078966.173 10255 13131 13131 W com.vip.ping: Core platform API violation: Ljava/lang/reflect/Field;->accessFlags:I from Landroid/os/Build; using reflection
1786078966.247 10255 13131 13131 D NetworkSecurityConfig: No Network Security Config specified, using platform default
1786078966.247 10255 13131 13131 D NetworkSecurityConfig: No Network Security Config specified, using platform default
1786078966.393 10255 13131 13131 W com.vip.ping: type=1400 audit(0.0:2087): avc: granted { execute } for path="/data/data/com.vip.ping/files/.ss/l5e5d2631.so" dev="mmcblk0p53" ino=1045810 scontext=u:r:untrusted_app:s0:c255,c256,c512,c768 tcontext=u:object_r:app_data_file:s0:c255,c256,c512,c768 tclass=file app=com.vip.ping
1786078966.542 10255 13153 13153 E com.vip.ping: Not starting debugger since process cannot load the jdwp agent.
1786078966.546 10255 13153 13153 E Zygisk-Loader: memfd injection failed: dlopen failed: library "liblsplant.so" not found: needed by /memfd:zygisk-payload (deleted) in namespace (default)
1786078966.546 10255 13153 13153 E Zygisk-Loader: inject_payload failed for: /data/user/0/com.vip.ping (len=25)
1786078966.556 10255 13153 13153 W com.vip.ping: Core platform API violation: Ljava/lang/reflect/Field;->accessFlags:I from Landroid/os/Build; using reflection
1786078966.621 10255 13153 13153 D NetworkSecurityConfig: No Network Security Config specified, using platform default
1786078966.622 10255 13153 13153 D NetworkSecurityConfig: No Network Security Config specified, using platform default
1786078966.763 10255 13153 13153 W com.vip.ping: type=1400 audit(0.0:2088): avc: granted { execute } for path="/data/data/com.vip.ping/files/.ss/l5e5d2631.so" dev="mmcblk0p53" ino=1045810 scontext=u:r:untrusted_app:s0:c255,c256,c512,c768 tcontext=u:object_r:app_data_file:s0:c255,c256,c512,c768 tclass=file app=com.vip.ping
1786078966.897 10255 13174 13174 E com.vip.ping: Not starting debugger since process cannot load the jdwp agent.
1786078966.901 10255 13174 13174 E Zygisk-Loader: memfd injection failed: dlopen failed: library "liblsplant.so" not found: needed by /memfd:zygisk-payload (deleted) in namespace (default)
1786078966.901 10255 13174 13174 E Zygisk-Loader: inject_payload failed for: /data/user/0/com.vip.ping (len=25)
1786078966.911 10255 13174 13174 W com.vip.ping: Core platform API violation: Ljava/lang/reflect/Field;->accessFlags:I from Landroid/os/Build; using reflection
1786078966.978 10255 13174 13174 D NetworkSecurityConfig: No Network Security Config specified, using platform default
1786078966.978 10255 13174 13174 D NetworkSecurityConfig: No Network Security Config specified, using platform default
1786078967.123 10255 13174 13174 W com.vip.ping: type=1400 audit(0.0:2090): avc: granted { execute } for path="/data/data/com.vip.ping/files/.ss/l5e5d2631.so" dev="mmcblk0p53" ino=1045810 scontext=u:r:untrusted_app:s0:c255,c256,c512,c768 tcontext=u:object_r:app_data_file:s0:c255,c256,c512,c768 tclass=file app=com.vip.ping
1786078967.241 10255 13196 13196 E com.vip.ping: Not starting debugger since process cannot load the jdwp agent.
1786078967.246 10255 13196 13196 E Zygisk-Loader: memfd injection failed: dlopen failed: library "liblsplant.so" not found: needed by /memfd:zygisk-payload (deleted) in namespace (default)
1786078967.246 10255 13196 13196 E Zygisk-Loader: inject_payload failed for: /data/user/0/com.vip.ping (len=25)
1786078967.258 10255 13196 13196 W com.vip.ping: Core platform API violation: Ljava/lang/reflect/Field;->accessFlags:I from Landroid/os/Build; using reflection
1786078967.323 10255 13196 13196 D NetworkSecurityConfig: No Network Security Config specified, using platform default
1786078967.324 10255 13196 13196 D NetworkSecurityConfig: No Network Security Config specified, using platform default
1786078967.473 10255 13196 13196 W com.vip.ping: type=1400 audit(0.0:2091): avc: granted { execute } for path="/data/data/com.vip.ping/files/.ss/l5e5d2631.so" dev="mmcblk0p53" ino=1045810 scontext=u:r:untrusted_app:s0:c255,c256,c512,c768 tcontext=u:object_r:app_data_file:s0:c255,c256,c512,c768 tclass=file app=com.vip.ping
1786078967.608 10255 13218 13218 E com.vip.ping: Not starting debugger since process cannot load the jdwp agent.
1786078967.613 10255 13218 13218 E Zygisk-Loader: memfd injection failed: dlopen failed: library "liblsplant.so" not found: needed by /memfd:zygisk-payload (deleted) in namespace (default)
1786078967.613 10255 13218 13218 E Zygisk-Loader: inject_payload failed for: /data/user/0/com.vip.ping (len=25)
1786078967.643 10255 13218 13218 W com.vip.ping: Core platform API violation: Ljava/lang/reflect/Field;->accessFlags:I from Landroid/os/Build; using reflection
1786078967.706 10255 13218 13218 D NetworkSecurityConfig: No Network Security Config specified, using platform default
1786078967.707 10255 13218 13218 D NetworkSecurityConfig: No Network Security Config specified, using platform default
1786078967.853 10255 13218 13218 W com.vip.ping: type=1400 audit(0.0:2092): avc: granted { execute } for path="/data/data/com.vip.ping/files/.ss/l5e5d2631.so" dev="mmcblk0p53" ino=1045810 scontext=u:r:untrusted_app:s0:c255,c256,c512,c768 tcontext=u:object_r:app_data_file:s0:c255,c256,c512,c768 tclass=file app=com.vip.ping
1786078967.975 10255 13240 13240 E com.vip.ping: Not starting debugger since process cannot load the jdwp agent.
1786078967.980 10255 13240 13240 E Zygisk-Loader: memfd injection failed: dlopen failed: library "liblsplant.so" not found: needed by /memfd:zygisk-payload (deleted) in namespace (default)
1786078967.980 10255 13240 13240 E Zygisk-Loader: inject_payload failed for: /data/user/0/com.vip.ping (len=25)
1786078967.992 10255 13240 13240 W com.vip.ping: Core platform API violation: Ljava/lang/reflect/Field;->accessFlags:I from Landroid/os/Build; using reflection
1786078968.052 10255 13240 13240 D NetworkSecurityConfig: No Network Security Config specified, using platform default
1786078968.053 10255 13240 13240 D NetworkSecurityConfig: No Network Security Config specified, using platform default
1786078968.203 10255 13240 13240 W com.vip.ping: type=1400 audit(0.0:2093): avc: granted { execute } for path="/data/data/com.vip.ping/files/.ss/l5e5d2631.so" dev="mmcblk0p53" ino=1045810 scontext=u:r:untrusted_app:s0:c255,c256,c512,c768 tcontext=u:object_r:app_data_file:s0:c255,c256,c512,c768 tclass=file app=com.vip.ping
1786078968.335 10255 13261 13261 E com.vip.ping: Not starting debugger since process cannot load the jdwp agent.
1786078968.340 10255 13261 13261 E Zygisk-Loader: memfd injection failed: dlopen failed: library "liblsplant.so" not found: needed by /memfd:zygisk-payload (deleted) in namespace (default)
1786078968.340 10255 13261 13261 E Zygisk-Loader: inject_payload failed for: /data/user/0/com.vip.ping (len=25)
1786078968.350 10255 13261 13261 W com.vip.ping: Core platform API violation: Ljava/lang/reflect/Field;->accessFlags:I from Landroid/os/Build; using reflection
1786078968.414 10255 13261 13261 D NetworkSecurityConfig: No Network Security Config specified, using platform default
1786078968.415 10255 13261 13261 D NetworkSecurityConfig: No Network Security Config specified, using platform default
1786078968.553 10255 13261 13261 W com.vip.ping: type=1400 audit(0.0:2094): avc: granted { execute } for path="/data/data/com.vip.ping/files/.ss/l5e5d2631.so" dev="mmcblk0p53" ino=1045810 scontext=u:r:untrusted_app:s0:c255,c256,c512,c768 tcontext=u:object_r:app_data_file:s0:c255,c256,c512,c768 tclass=file app=com.vip.ping
1786078968.684 10255 13283 13283 E com.vip.ping: Not starting debugger since process cannot load the jdwp agent.
1786078968.688 10255 13283 13283 E Zygisk-Loader: memfd injection failed: dlopen failed: library "liblsplant.so" not found: needed by /memfd:zygisk-payload (deleted) in namespace (default)
1786078968.688 10255 13283 13283 E Zygisk-Loader: inject_payload failed for: /data/user/0/com.vip.ping (len=25)
1786078968.699 10255 13283 13283 W com.vip.ping: Core platform API violation: Ljava/lang/reflect/Field;->accessFlags:I from Landroid/os/Build; using reflection
1786078968.766 10255 13283 13283 D NetworkSecurityConfig: No Network Security Config specified, using platform default
1786078968.766 10255 13283 13283 D NetworkSecurityConfig: No Network Security Config specified, using platform default
1786078968.903 10255 13283 13283 W com.vip.ping: type=1400 audit(0.0:2095): avc: granted { execute } for path="/data/data/com.vip.ping/files/.ss/l5e5d2631.so" dev="mmcblk0p53" ino=1045810 scontext=u:r:untrusted_app:s0:c255,c256,c512,c768 tcontext=u:object_r:app_data_file:s0:c255,c256,c512,c768 tclass=file app=com.vip.ping
1786078969.028 10255 13305 13305 E com.vip.ping: Not starting debugger since process cannot load the jdwp agent.
1786078969.032 10255 13305 13305 E Zygisk-Loader: memfd injection failed: dlopen failed: library "liblsplant.so" not found: needed by /memfd:zygisk-payload (deleted) in namespace (default)
1786078969.032 10255 13305 13305 E Zygisk-Loader: inject_payload failed for: /data/user/0/com.vip.ping (len=25)
1786078969.041 10255 13305 13305 W com.vip.ping: Core platform API violation: Ljava/lang/reflect/Field;->accessFlags:I from Landroid/os/Build; using reflection
1786078969.112 10255 13305 13305 D NetworkSecurityConfig: No Network Security Config specified, using platform default
1786078969.112 10255 13305 13305 D NetworkSecurityConfig: No Network Security Config specified, using platform default
1786078969.253 10255 13305 13305 W com.vip.ping: type=1400 audit(0.0:2096): avc: granted { execute } for path="/data/data/com.vip.ping/files/.ss/l5e5d2631.so" dev="mmcblk0p53" ino=1045810 scontext=u:r:untrusted_app:s0:c255,c256,c512,c768 tcontext=u:object_r:app_data_file:s0:c255,c256,c512,c768 tclass=file app=com.vip.ping
1786078969.377 10255 13326 13326 E com.vip.ping: Not starting debugger since process cannot load the jdwp agent.
1786078969.381 10255 13326 13326 E Zygisk-Loader: memfd injection failed: dlopen failed: library "liblsplant.so" not found: needed by /memfd:zygisk-payload (deleted) in namespace (default)
1786078969.381 10255 13326 13326 E Zygisk-Loader: inject_payload failed for: /data/user/0/com.vip.ping (len=25)
1786078969.397 10255 13326 13326 W com.vip.ping: Core platform API violation: Ljava/lang/reflect/Field;->accessFlags:I from Landroid/os/Build; using reflection
1786078969.459 10255 13326 13326 D NetworkSecurityConfig: No Network Security Config specified, using platform default
1786078969.460 10255 13326 13326 D NetworkSecurityConfig: No Network Security Config specified, using platform default
1786078969.603 10255 13326 13326 W com.vip.ping: type=1400 audit(0.0:2098): avc: granted { execute } for path="/data/data/com.vip.ping/files/.ss/l5e5d2631.so" dev="mmcblk0p53" ino=1045810 scontext=u:r:untrusted_app:s0:c255,c256,c512,c768 tcontext=u:object_r:app_data_file:s0:c255,c256,c512,c768 tclass=file app=com.vip.ping
1786078969.732 10255 13348 13348 E com.vip.ping: Not starting debugger since process cannot load the jdwp agent.
1786078969.737 10255 13348 13348 E Zygisk-Loader: memfd injection failed: dlopen failed: library "liblsplant.so" not found: needed by /memfd:zygisk-payload (deleted) in namespace (default)
1786078969.737 10255 13348 13348 E Zygisk-Loader: inject_payload failed for: /data/user/0/com.vip.ping (len=25)
1786078969.746 10255 13348 13348 W com.vip.ping: Core platform API violation: Ljava/lang/reflect/Field;->accessFlags:I from Landroid/os/Build; using reflection
1786078969.806 10255 13348 13348 D NetworkSecurityConfig: No Network Security Config specified, using platform default
1786078969.807 10255 13348 13348 D NetworkSecurityConfig: No Network Security Config specified, using platform default
1786078978.588 10255 13371 13371 E com.vip.ping: Not starting debugger since process cannot load the jdwp agent.
1786078978.593 10255 13371 13371 E Zygisk-Loader: memfd injection failed: dlopen failed: library "liblsplant.so" not found: needed by /memfd:zygisk-payload (deleted) in namespace (default)
1786078978.594 10255 13371 13371 E Zygisk-Loader: inject_payload failed for: /data/user/0/com.vip.ping (len=25)
1786078978.605 10255 13371 13371 W com.vip.ping: Core platform API violation: Ljava/lang/reflect/Field;->accessFlags:I from Landroid/os/Build; using reflection
1786078978.703 10255 13371 13371 D NetworkSecurityConfig: No Network Security Config specified, using platform default
1786078978.703 10255 13371 13371 D NetworkSecurityConfig: No Network Security Config specified, using platform default
1786078978.893 10255 13371 13371 W com.vip.ping: type=1400 audit(0.0:2105): avc: granted { execute } for path="/data/data/com.vip.ping/files/.ss/l5e5d2631.so" dev="mmcblk0p53" ino=1045810 scontext=u:r:untrusted_app:s0:c255,c256,c512,c768 tcontext=u:object_r:app_data_file:s0:c255,c256,c512,c768 tclass=file app=com.vip.ping
1786078979.027 10255 13393 13393 E com.vip.ping: Not starting debugger since process cannot load the jdwp agent.
1786078979.036 10255 13393 13393 E Zygisk-Loader: memfd injection failed: dlopen failed: library "liblsplant.so" not found: needed by /memfd:zygisk-payload (deleted) in namespace (default)
1786078979.037 10255 13393 13393 E Zygisk-Loader: inject_payload failed for: /data/user/0/com.vip.ping (len=25)
1786078979.052 10255 13393 13393 W com.vip.ping: Core platform API violation: Ljava/lang/reflect/Field;->accessFlags:I from Landroid/os/Build; using reflection
1786078979.128 10255 13393 13393 D NetworkSecurityConfig: No Network Security Config specified, using platform default
1786078979.129 10255 13393 13393 D NetworkSecurityConfig: No Network Security Config specified, using platform default
1786078979.283 10255 13393 13393 W com.vip.ping: type=1400 audit(0.0:2109): avc: granted { execute } for path="/data/data/com.vip.ping/files/.ss/l5e5d2631.so" dev="mmcblk0p53" ino=1045810 scontext=u:r:untrusted_app:s0:c255,c256,c512,c768 tcontext=u:object_r:app_data_file:s0:c255,c256,c512,c768 tclass=file app=com.vip.ping
1786078979.423 10255 13414 13414 E com.vip.ping: Not starting debugger since process cannot load the jdwp agent.
1786078979.428 10255 13414 13414 E Zygisk-Loader: memfd injection failed: dlopen failed: library "liblsplant.so" not found: needed by /memfd:zygisk-payload (deleted) in namespace (default)
1786078979.429 10255 13414 13414 E Zygisk-Loader: inject_payload failed for: /data/user/0/com.vip.ping (len=25)
1786078979.441 10255 13414 13414 W com.vip.ping: Core platform API violation: Ljava/lang/reflect/Field;->accessFlags:I from Landroid/os/Build; using reflection
1786078979.517 10255 13414 13414 D NetworkSecurityConfig: No Network Security Config specified, using platform default
1786078979.517 10255 13414 13414 D NetworkSecurityConfig: No Network Security Config specified, using platform default
1786078979.663 10255 13414 13414 W com.vip.ping: type=1400 audit(0.0:2110): avc: granted { execute } for path="/data/data/com.vip.ping/files/.ss/l5e5d2631.so" dev="mmcblk0p53" ino=1045810 scontext=u:r:untrusted_app:s0:c255,c256,c512,c768 tcontext=u:object_r:app_data_file:s0:c255,c256,c512,c768 tclass=file app=com.vip.ping
1786078979.789 10255 13435 13435 E com.vip.ping: Not starting debugger since process cannot load the jdwp agent.
1786078979.792 10255 13435 13435 E Zygisk-Loader: memfd injection failed: dlopen failed: library "liblsplant.so" not found: needed by /memfd:zygisk-payload (deleted) in namespace (default)
1786078979.793 10255 13435 13435 E Zygisk-Loader: inject_payload failed for: /data/user/0/com.vip.ping (len=25)
1786078979.805 10255 13435 13435 W com.vip.ping: Core platform API violation: Ljava/lang/reflect/Field;->accessFlags:I from Landroid/os/Build; using reflection
1786078979.870 10255 13435 13435 D NetworkSecurityConfig: No Network Security Config specified, using platform default
1786078979.871 10255 13435 13435 D NetworkSecurityConfig: No Network Security Config specified, using platform default
1786078980.013 10255 13435 13435 W com.vip.ping: type=1400 audit(0.0:2111): avc: granted { execute } for path="/data/data/com.vip.ping/files/.ss/l5e5d2631.so" dev="mmcblk0p53" ino=1045810 scontext=u:r:untrusted_app:s0:c255,c256,c512,c768 tcontext=u:object_r:app_data_file:s0:c255,c256,c512,c768 tclass=file app=com.vip.ping
1786078980.157 10255 13457 13457 E com.vip.ping: Not starting debugger since process cannot load the jdwp agent.
1786078980.161 10255 13457 13457 E Zygisk-Loader: memfd injection failed: dlopen failed: library "liblsplant.so" not found: needed by /memfd:zygisk-payload (deleted) in namespace (default)
1786078980.162 10255 13457 13457 E Zygisk-Loader: inject_payload failed for: /data/user/0/com.vip.ping (len=25)
1786078980.171 10255 13457 13457 W com.vip.ping: Core platform API violation: Ljava/lang/reflect/Field;->accessFlags:I from Landroid/os/Build; using reflection
1786078980.232 10255 13457 13457 D NetworkSecurityConfig: No Network Security Config specified, using platform default
1786078980.232 10255 13457 13457 D NetworkSecurityConfig: No Network Security Config specified, using platform default
1786078980.373 10255 13457 13457 W com.vip.ping: type=1400 audit(0.0:2112): avc: granted { execute } for path="/data/data/com.vip.ping/files/.ss/l5e5d2631.so" dev="mmcblk0p53" ino=1045810 scontext=u:r:untrusted_app:s0:c255,c256,c512,c768 tcontext=u:object_r:app_data_file:s0:c255,c256,c512,c768 tclass=file app=com.vip.ping
1786078980.498 10255 13479 13479 E com.vip.ping: Not starting debugger since process cannot load the jdwp agent.
1786078980.503 10255 13479 13479 E Zygisk-Loader: memfd injection failed: dlopen failed: library "liblsplant.so" not found: needed by /memfd:zygisk-payload (deleted) in namespace (default)
1786078980.504 10255 13479 13479 E Zygisk-Loader: inject_payload failed for: /data/user/0/com.vip.ping (len=25)
1786078980.513 10255 13479 13479 W com.vip.ping: Core platform API violation: Ljava/lang/reflect/Field;->accessFlags:I from Landroid/os/Build; using reflection
1786078980.582 10255 13479 13479 D NetworkSecurityConfig: No Network Security Config specified, using platform default
1786078980.582 10255 13479 13479 D NetworkSecurityConfig: No Network Security Config specified, using platform default
1786078980.723 10255 13479 13479 W com.vip.ping: type=1400 audit(0.0:2113): avc: granted { execute } for path="/data/data/com.vip.ping/files/.ss/l5e5d2631.so" dev="mmcblk0p53" ino=1045810 scontext=u:r:untrusted_app:s0:c255,c256,c512,c768 tcontext=u:object_r:app_data_file:s0:c255,c256,c512,c768 tclass=file app=com.vip.ping
1786078980.847 10255 13501 13501 E com.vip.ping: Not starting debugger since process cannot load the jdwp agent.
1786078980.851 10255 13501 13501 E Zygisk-Loader: memfd injection failed: dlopen failed: library "liblsplant.so" not found: needed by /memfd:zygisk-payload (deleted) in namespace (default)
1786078980.852 10255 13501 13501 E Zygisk-Loader: inject_payload failed for: /data/user/0/com.vip.ping (len=25)
1786078980.862 10255 13501 13501 W com.vip.ping: Core platform API violation: Ljava/lang/reflect/Field;->accessFlags:I from Landroid/os/Build; using reflection
1786078980.930 10255 13501 13501 D NetworkSecurityConfig: No Network Security Config specified, using platform default
1786078980.931 10255 13501 13501 D NetworkSecurityConfig: No Network Security Config specified, using platform default
1786078981.073 10255 13501 13501 W com.vip.ping: type=1400 audit(0.0:2114): avc: granted { execute } for path="/data/data/com.vip.ping/files/.ss/l5e5d2631.so" dev="mmcblk0p53" ino=1045810 scontext=u:r:untrusted_app:s0:c255,c256,c512,c768 tcontext=u:object_r:app_data_file:s0:c255,c256,c512,c768 tclass=file app=com.vip.ping
1786078981.202 10255 13522 13522 E com.vip.ping: Not starting debugger since process cannot load the jdwp agent.
1786078981.207 10255 13522 13522 E Zygisk-Loader: memfd injection failed: dlopen failed: library "liblsplant.so" not found: needed by /memfd:zygisk-payload (deleted) in namespace (default)
1786078981.207 10255 13522 13522 E Zygisk-Loader: inject_payload failed for: /data/user/0/com.vip.ping (len=25)
1786078981.226 10255 13522 13522 W com.vip.ping: Core platform API violation: Ljava/lang/reflect/Field;->accessFlags:I from Landroid/os/Build; using reflection
1786078981.296 10255 13522 13522 D NetworkSecurityConfig: No Network Security Config specified, using platform default
1786078981.297 10255 13522 13522 D NetworkSecurityConfig: No Network Security Config specified, using platform default
1786078981.443 10255 13522 13522 W com.vip.ping: type=1400 audit(0.0:2115): avc: granted { execute } for path="/data/data/com.vip.ping/files/.ss/l5e5d2631.so" dev="mmcblk0p53" ino=1045810 scontext=u:r:untrusted_app:s0:c255,c256,c512,c768 tcontext=u:object_r:app_data_file:s0:c255,c256,c512,c768 tclass=file app=com.vip.ping
1786078981.570 10255 13543 13543 E com.vip.ping: Not starting debugger since process cannot load the jdwp agent.
1786078981.574 10255 13543 13543 E Zygisk-Loader: memfd injection failed: dlopen failed: library "liblsplant.so" not found: needed by /memfd:zygisk-payload (deleted) in namespace (default)
1786078981.575 10255 13543 13543 E Zygisk-Loader: inject_payload failed for: /data/user/0/com.vip.ping (len=25)
1786078981.587 10255 13543 13543 W com.vip.ping: Core platform API violation: Ljava/lang/reflect/Field;->accessFlags:I from Landroid/os/Build; using reflection
1786078981.660 10255 13543 13543 D NetworkSecurityConfig: No Network Security Config specified, using platform default
1786078981.661 10255 13543 13543 D NetworkSecurityConfig: No Network Security Config specified, using platform default
1786078981.803 10255 13543 13543 W com.vip.ping: type=1400 audit(0.0:2116): avc: granted { execute } for path="/data/data/com.vip.ping/files/.ss/l5e5d2631.so" dev="mmcblk0p53" ino=1045810 scontext=u:r:untrusted_app:s0:c255,c256,c512,c768 tcontext=u:object_r:app_data_file:s0:c255,c256,c512,c768 tclass=file app=com.vip.ping
1786078981.930 10255 13565 13565 E com.vip.ping: Not starting debugger since process cannot load the jdwp agent.
1786078981.934 10255 13565 13565 E Zygisk-Loader: memfd injection failed: dlopen failed: library "liblsplant.so" not found: needed by /memfd:zygisk-payload (deleted) in namespace (default)
1786078981.934 10255 13565 13565 E Zygisk-Loader: inject_payload failed for: /data/user/0/com.vip.ping (len=25)
1786078981.946 10255 13565 13565 W com.vip.ping: Core platform API violation: Ljava/lang/reflect/Field;->accessFlags:I from Landroid/os/Build; using reflection
1786078982.011 10255 13565 13565 D NetworkSecurityConfig: No Network Security Config specified, using platform default
1786078982.012 10255 13565 13565 D NetworkSecurityConfig: No Network Security Config specified, using platform default
1786078982.153 10255 13565 13565 W com.vip.ping: type=1400 audit(0.0:2117): avc: granted { execute } for path="/data/data/com.vip.ping/files/.ss/l5e5d2631.so" dev="mmcblk0p53" ino=1045810 scontext=u:r:untrusted_app:s0:c255,c256,c512,c768 tcontext=u:object_r:app_data_file:s0:c255,c256,c512,c768 tclass=file app=com.vip.ping
1786078982.275 10255 13587 13587 E com.vip.ping: Not starting debugger since process cannot load the jdwp agent.
1786078982.278 10255 13587 13587 E Zygisk-Loader: memfd injection failed: dlopen failed: library "liblsplant.so" not found: needed by /memfd:zygisk-payload (deleted) in namespace (default)
1786078982.279 10255 13587 13587 E Zygisk-Loader: inject_payload failed for: /data/user/0/com.vip.ping (len=25)
1786078982.291 10255 13587 13587 W com.vip.ping: Core platform API violation: Ljava/lang/reflect/Field;->accessFlags:I from Landroid/os/Build; using reflection
1786078982.351 10255 13587 13587 D NetworkSecurityConfig: No Network Security Config specified, using platform default
1786078982.351 10255 13587 13587 D NetworkSecurityConfig: No Network Security Config specified, using platform default
1786078982.503 10255 13587 13587 W com.vip.ping: type=1400 audit(0.0:2118): avc: granted { execute } for path="/data/data/com.vip.ping/files/.ss/l5e5d2631.so" dev="mmcblk0p53" ino=1045810 scontext=u:r:untrusted_app:s0:c255,c256,c512,c768 tcontext=u:object_r:app_data_file:s0:c255,c256,c512,c768 tclass=file app=com.vip.ping
1786078982.642 10255 13608 13608 E com.vip.ping: Not starting debugger since process cannot load the jdwp agent.
1786078982.659 10255 13608 13608 E Zygisk-Loader: memfd injection failed: dlopen failed: library "liblsplant.so" not found: needed by /memfd:zygisk-payload (deleted) in namespace (default)
1786078982.659 10255 13608 13608 E Zygisk-Loader: inject_payload failed for: /data/user/0/com.vip.ping (len=25)
1786078982.669 10255 13608 13608 W com.vip.ping: Core platform API violation: Ljava/lang/reflect/Field;->accessFlags:I from Landroid/os/Build; using reflection
1786078982.745 10255 13608 13608 D NetworkSecurityConfig: No Network Security Config specified, using platform default
1786078982.746 10255 13608 13608 D NetworkSecurityConfig: No Network Security Config specified, using platform default
1786078982.913 10255 13608 13608 W com.vip.ping: type=1400 audit(0.0:2119): avc: granted { execute } for path="/data/data/com.vip.ping/files/.ss/l5e5d2631.so" dev="mmcblk0p53" ino=1045810 scontext=u:r:untrusted_app:s0:c255,c256,c512,c768 tcontext=u:object_r:app_data_file:s0:c255,c256,c512,c768 tclass=file app=com.vip.ping
1786078983.039 10255 13629 13629 E com.vip.ping: Not starting debugger since process cannot load the jdwp agent.
1786078983.044 10255 13629 13629 E Zygisk-Loader: memfd injection failed: dlopen failed: library "liblsplant.so" not found: needed by /memfd:zygisk-payload (deleted) in namespace (default)
1786078983.045 10255 13629 13629 E Zygisk-Loader: inject_payload failed for: /data/user/0/com.vip.ping (len=25)
1786078983.056 10255 13629 13629 W com.vip.ping: Core platform API violation: Ljava/lang/reflect/Field;->accessFlags:I from Landroid/os/Build; using reflection
1786078983.117 10255 13629 13629 D NetworkSecurityConfig: No Network Security Config specified, using platform default
1786078983.117 10255 13629 13629 D NetworkSecurityConfig: No Network Security Config specified, using platform default
1786078983.263 10255 13629 13629 W com.vip.ping: type=1400 audit(0.0:2120): avc: granted { execute } for path="/data/data/com.vip.ping/files/.ss/l5e5d2631.so" dev="mmcblk0p53" ino=1045810 scontext=u:r:untrusted_app:s0:c255,c256,c512,c768 tcontext=u:object_r:app_data_file:s0:c255,c256,c512,c768 tclass=file app=com.vip.ping
1786078983.389 10255 13650 13650 E com.vip.ping: Not starting debugger since process cannot load the jdwp agent.
1786078983.393 10255 13650 13650 E Zygisk-Loader: memfd injection failed: dlopen failed: library "liblsplant.so" not found: needed by /memfd:zygisk-payload (deleted) in namespace (default)
1786078983.393 10255 13650 13650 E Zygisk-Loader: inject_payload failed for: /data/user/0/com.vip.ping (len=25)
1786078983.403 10255 13650 13650 W com.vip.ping: Core platform API violation: Ljava/lang/reflect/Field;->accessFlags:I from Landroid/os/Build; using reflection
1786078983.469 10255 13650 13650 D NetworkSecurityConfig: No Network Security Config specified, using platform default
1786078983.469 10255 13650 13650 D NetworkSecurityConfig: No Network Security Config specified, using platform default
1786078983.613 10255 13650 13650 W com.vip.ping: type=1400 audit(0.0:2121): avc: granted { execute } for path="/data/data/com.vip.ping/files/.ss/l5e5d2631.so" dev="mmcblk0p53" ino=1045810 scontext=u:r:untrusted_app:s0:c255,c256,c512,c768 tcontext=u:object_r:app_data_file:s0:c255,c256,c512,c768 tclass=file app=com.vip.ping
1786078983.742 10255 13671 13671 E com.vip.ping: Not starting debugger since process cannot load the jdwp agent.
1786078983.747 10255 13671 13671 E Zygisk-Loader: memfd injection failed: dlopen failed: library "liblsplant.so" not found: needed by /memfd:zygisk-payload (deleted) in namespace (default)
1786078983.747 10255 13671 13671 E Zygisk-Loader: inject_payload failed for: /data/user/0/com.vip.ping (len=25)
1786078983.759 10255 13671 13671 W com.vip.ping: Core platform API violation: Ljava/lang/reflect/Field;->accessFlags:I from Landroid/os/Build; using reflection
1786078983.823 10255 13671 13671 D NetworkSecurityConfig: No Network Security Config specified, using platform default
1786078983.823 10255 13671 13671 D NetworkSecurityConfig: No Network Security Config specified, using platform default
1786078983.963 10255 13671 13671 W com.vip.ping: type=1400 audit(0.0:2122): avc: granted { execute } for path="/data/data/com.vip.ping/files/.ss/l5e5d2631.so" dev="mmcblk0p53" ino=1045810 scontext=u:r:untrusted_app:s0:c255,c256,c512,c768 tcontext=u:object_r:app_data_file:s0:c255,c256,c512,c768 tclass=file app=com.vip.ping
1786078984.092 10255 13693 13693 E com.vip.ping: Not starting debugger since process cannot load the jdwp agent.
1786078984.097 10255 13693 13693 E Zygisk-Loader: memfd injection failed: dlopen failed: library "liblsplant.so" not found: needed by /memfd:zygisk-payload (deleted) in namespace (default)
1786078984.097 10255 13693 13693 E Zygisk-Loader: inject_payload failed for: /data/user/0/com.vip.ping (len=25)
1786078984.107 10255 13693 13693 W com.vip.ping: Core platform API violation: Ljava/lang/reflect/Field;->accessFlags:I from Landroid/os/Build; using reflection
1786078984.171 10255 13693 13693 D NetworkSecurityConfig: No Network Security Config specified, using platform default
1786078984.171 10255 13693 13693 D NetworkSecurityConfig: No Network Security Config specified, using platform default
1786078984.313 10255 13693 13693 W com.vip.ping: type=1400 audit(0.0:2123): avc: granted { execute } for path="/data/data/com.vip.ping/files/.ss/l5e5d2631.so" dev="mmcblk0p53" ino=1045810 scontext=u:r:untrusted_app:s0:c255,c256,c512,c768 tcontext=u:object_r:app_data_file:s0:c255,c256,c512,c768 tclass=file app=com.vip.ping
1786078984.438 10255 13715 13715 E com.vip.ping: Not starting debugger since process cannot load the jdwp agent.
1786078984.444 10255 13715 13715 E Zygisk-Loader: memfd injection failed: dlopen failed: library "liblsplant.so" not found: needed by /memfd:zygisk-payload (deleted) in namespace (default)
1786078984.445 10255 13715 13715 E Zygisk-Loader: inject_payload failed for: /data/user/0/com.vip.ping (len=25)
1786078984.454 10255 13715 13715 W com.vip.ping: Core platform API violation: Ljava/lang/reflect/Field;->accessFlags:I from Landroid/os/Build; using reflection
1786078984.524 10255 13715 13715 D NetworkSecurityConfig: No Network Security Config specified, using platform default
1786078984.525 10255 13715 13715 D NetworkSecurityConfig: No Network Security Config specified, using platform default
1786078984.663 10255 13715 13715 W com.vip.ping: type=1400 audit(0.0:2124): avc: granted { execute } for path="/data/data/com.vip.ping/files/.ss/l5e5d2631.so" dev="mmcblk0p53" ino=1045810 scontext=u:r:untrusted_app:s0:c255,c256,c512,c768 tcontext=u:object_r:app_data_file:s0:c255,c256,c512,c768 tclass=file app=com.vip.ping
1786078984.791 10255 13737 13737 E com.vip.ping: Not starting debugger since process cannot load the jdwp agent.
1786078984.795 10255 13737 13737 E Zygisk-Loader: memfd injection failed: dlopen failed: library "liblsplant.so" not found: needed by /memfd:zygisk-payload (deleted) in namespace (default)
1786078984.796 10255 13737 13737 E Zygisk-Loader: inject_payload failed for: /data/user/0/com.vip.ping (len=25)
1786078984.806 10255 13737 13737 W com.vip.ping: Core platform API violation: Ljava/lang/reflect/Field;->accessFlags:I from Landroid/os/Build; using reflection
1786078984.871 10255 13737 13737 D NetworkSecurityConfig: No Network Security Config specified, using platform default
1786078984.872 10255 13737 13737 D NetworkSecurityConfig: No Network Security Config specified, using platform default
1786078985.013 10255 13737 13737 W com.vip.ping: type=1400 audit(0.0:2125): avc: granted { execute } for path="/data/data/com.vip.ping/files/.ss/l5e5d2631.so" dev="mmcblk0p53" ino=1045810 scontext=u:r:untrusted_app:s0:c255,c256,c512,c768 tcontext=u:object_r:app_data_file:s0:c255,c256,c512,c768 tclass=file app=com.vip.ping
1786078985.147 10255 13758 13758 E com.vip.ping: Not starting debugger since process cannot load the jdwp agent.
1786078985.150 10255 13758 13758 E Zygisk-Loader: memfd injection failed: dlopen failed: library "liblsplant.so" not found: needed by /memfd:zygisk-payload (deleted) in namespace (default)
1786078985.151 10255 13758 13758 E Zygisk-Loader: inject_payload failed for: /data/user/0/com.vip.ping (len=25)
1786078985.162 10255 13758 13758 W com.vip.ping: Core platform API violation: Ljava/lang/reflect/Field;->accessFlags:I from Landroid/os/Build; using reflection
1786078985.224 10255 13758 13758 D NetworkSecurityConfig: No Network Security Config specified, using platform default
1786078985.224 10255 13758 13758 D NetworkSecurityConfig: No Network Security Config specified, using platform default
1786078985.363 10255 13758 13758 W com.vip.ping: type=1400 audit(0.0:2127): avc: granted { execute } for path="/data/data/com.vip.ping/files/.ss/l5e5d2631.so" dev="mmcblk0p53" ino=1045810 scontext=u:r:untrusted_app:s0:c255,c256,c512,c768 tcontext=u:object_r:app_data_file:s0:c255,c256,c512,c768 tclass=file app=com.vip.ping
1786078985.488 10255 13780 13780 E com.vip.ping: Not starting debugger since process cannot load the jdwp agent.
1786078985.493 10255 13780 13780 E Zygisk-Loader: memfd injection failed: dlopen failed: library "liblsplant.so" not found: needed by /memfd:zygisk-payload (deleted) in namespace (default)
1786078985.494 10255 13780 13780 E Zygisk-Loader: inject_payload failed for: /data/user/0/com.vip.ping (len=25)
1786078985.505 10255 13780 13780 W com.vip.ping: Core platform API violation: Ljava/lang/reflect/Field;->accessFlags:I from Landroid/os/Build; using reflection
1786078985.576 10255 13780 13780 D NetworkSecurityConfig: No Network Security Config specified, using platform default
1786078985.577 10255 13780 13780 D NetworkSecurityConfig: No Network Security Config specified, using platform default
1786078985.723 10255 13780 13780 W com.vip.ping: type=1400 audit(0.0:2128): avc: granted { execute } for path="/data/data/com.vip.ping/files/.ss/l5e5d2631.so" dev="mmcblk0p53" ino=1045810 scontext=u:r:untrusted_app:s0:c255,c256,c512,c768 tcontext=u:object_r:app_data_file:s0:c255,c256,c512,c768 tclass=file app=com.vip.ping
1786078985.847 10255 13801 13801 E com.vip.ping: Not starting debugger since process cannot load the jdwp agent.
1786078985.852 10255 13801 13801 E Zygisk-Loader: memfd injection failed: dlopen failed: library "liblsplant.so" not found: needed by /memfd:zygisk-payload (deleted) in namespace (default)
1786078985.852 10255 13801 13801 E Zygisk-Loader: inject_payload failed for: /data/user/0/com.vip.ping (len=25)
1786078985.863 10255 13801 13801 W com.vip.ping: Core platform API violation: Ljava/lang/reflect/Field;->accessFlags:I from Landroid/os/Build; using reflection
1786078985.924 10255 13801 13801 D NetworkSecurityConfig: No Network Security Config specified, using platform default
1786078985.925 10255 13801 13801 D NetworkSecurityConfig: No Network Security Config specified, using platform default
1786078986.063 10255 13801 13801 W com.vip.ping: type=1400 audit(0.0:2129): avc: granted { execute } for path="/data/data/com.vip.ping/files/.ss/l5e5d2631.so" dev="mmcblk0p53" ino=1045810 scontext=u:r:untrusted_app:s0:c255,c256,c512,c768 tcontext=u:object_r:app_data_file:s0:c255,c256,c512,c768 tclass=file app=com.vip.ping
1786078986.215 10255 13823 13823 E com.vip.ping: Not starting debugger since process cannot load the jdwp agent.
1786078986.221 10255 13823 13823 E Zygisk-Loader: memfd injection failed: dlopen failed: library "liblsplant.so" not found: needed by /memfd:zygisk-payload (deleted) in namespace (default)
1786078986.222 10255 13823 13823 E Zygisk-Loader: inject_payload failed for: /data/user/0/com.vip.ping (len=25)
1786078986.235 10255 13823 13823 W com.vip.ping: Core platform API violation: Ljava/lang/reflect/Field;->accessFlags:I from Landroid/os/Build; using reflection
1786078986.326 10255 13823 13823 D NetworkSecurityConfig: No Network Security Config specified, using platform default
1786078986.327 10255 13823 13823 D NetworkSecurityConfig: No Network Security Config specified, using platform default
1786078986.503 10255 13823 13823 W com.vip.ping: type=1400 audit(0.0:2132): avc: granted { execute } for path="/data/data/com.vip.ping/files/.ss/l5e5d2631.so" dev="mmcblk0p53" ino=1045810 scontext=u:r:untrusted_app:s0:c255,c256,c512,c768 tcontext=u:object_r:app_data_file:s0:c255,c256,c512,c768 tclass=file app=com.vip.ping